// Bun Snapshot v1, https://goo.gl/fbAQLP

exports[`App 1`] = `"<article><h3>Welcome to Bun!</h3></article>"`;
